// Jest Snapshot v1, https://goo.gl/fbAQLP

exports[`ReCounter component should render with default props 1`] = `
<div
  class="re-counter"
>
  <re-button-stub
    class="re-counter__cta"
    disabled="true"
    size="small"
  />
  <re-input-stub
    class="re-counter__input"
    min="0"
    modelvalue="0"
    step="1"
    type="number"
  />
  <re-button-stub
    class="re-counter__cta"
    disabled="false"
    size="small"
  />
</div>
`;
