// Jest Snapshot v1, https://goo.gl/fbAQLP

exports[`environmental variables should generate map of values 1`] = `
Object {
  "default": Object {
    "env": "production",
    "firebaseConfig": Object {
      "databaseURL": "__DATABASE_URL__",
      "googleAppCredentials": Object {
        "__KEY__": "__VALUE__",
      },
      "projectId": "__PROJECT_ID__",
    },
    "isDevelopment": false,
    "isProduction": true,
    "isTesting": false,
    "port": 3005,
  },
}
`;
