// Jest Snapshot v1, https://goo.gl/fbAQLP

exports[`ReCard component should render with default props 1`] = `
<div
  class="re-card"
>
  
  __CONTENT__
  
</div>
`;
