// Jest Snapshot v1, https://goo.gl/fbAQLP

exports[`HomePage should render with modules 1`] = `
<page-stub
  id="home"
/>
`;
