// Jest Snapshot v1, https://goo.gl/fbAQLP

exports[`ReDialog component render with custom props 1`] = `
<re-transition-stub
  style=""
  name="fade"
/>
`;

exports[`ReDialog component render with default props 1`] = `
<re-transition-stub
  style=""
  name="fade"
/>
`;
