// Jest Snapshot v1, https://goo.gl/fbAQLP

exports[`ReCheckboxGroup component should render with default props 1`] = `
<div
  class="re-checkbox-group re-checkbox-group--vertical"
>
  <!-- @slot Default slot for ReCheckbox components -->
  
  __ReCheckbox-Items__
  
</div>
`;
