// Jest Snapshot v1, https://goo.gl/fbAQLP

exports[`environmental variables should generate map of values 1`] = `
Object {
  "build": "false",
  "datadogStatsd": Object {
    "host": "DATAGOD-STATS-HOST",
    "port": "DATAGOD-STATS-POST",
  },
  "datadogTrace": Object {
    "host": "DATAGOD-HOSTNAME",
    "port": "DATAGOD-PORT",
  },
  "env": "production",
  "isDevelopment": false,
  "isProduction": true,
  "isTesting": false,
  "port": 3000,
}
`;
