// Jest Snapshot v1, https://goo.gl/fbAQLP

exports[`ReFormField component should render with default props 1`] = `
<div
  class="re-form-field"
>


  <re-transition-stub
    name="height"
  />
</div>
`;
